# serializer version: 1
# name: test_stage_execute
  list([
    dict({
      'Error': None,
      'File': 'test_stage_execute/script1.sql',
      'Status': 'SUCCESS',
    }),
    dict({
      'Error': None,
      'File': 'test_stage_execute/directory/script2.sql',
      'Status': 'SUCCESS',
    }),
    dict({
      'Error': None,
      'File': 'test_stage_execute/directory/subdirectory/script3.sql',
      'Status': 'SUCCESS',
    }),
  ])
# ---
