# serializer version: 1
# name: test_deploy_procedure_fails_if_object_exists_and_no_replace
  '''
  ╭─ Error ──────────────────────────────────────────────────────────────────────╮
  │ Following object already exists. Consider using --replace.                   │
  │  procedure: PROCEDURENAME(VARCHAR) RETURN VARCHAR                            │
  ╰──────────────────────────────────────────────────────────────────────────────╯
  
  '''
# ---
