# serializer version: 1
# name: test_config_file_creation
  '''
  No data
  
  
  '''
# ---
# name: test_config_file_creation.1
  '''
  No data
  
  
  '''
# ---
